<html>
<body>
<pre>
<h1>µVision Build Log</h1>
<h2>Tool Versions:</h2>
IDE-Version: µVision V5.17.0.0
Copyright (C) 2015 ARM Ltd and ARM Germany GmbH. All rights reserved.
License Information: Kiet Ngo, education, LIC=----
 
Tool Versions:
Toolchain:       MDK-Lite  Version: 5.17
Toolchain Path:  C:\Keil_v5\ARM\ARMCC\Bin
C Compiler:      Armcc.exe V5.06 update 1 (build 61)
Assembler:       Armasm.exe V5.06 update 1 (build 61)
Linker/Locator:  ArmLink.exe V5.06 update 1 (build 61)
Library Manager: ArmAr.exe V5.06 update 1 (build 61)
Hex Converter:   FromElf.exe V5.06 update 1 (build 61)
CPU DLL:         SARMCM3.DLL V5.17
Dialog DLL:      DCM.DLL V1.13.4.0
Target DLL:      STLink\ST-LINKIII-KEIL_SWO.dll V2.0.18.0
Dialog DLL:      TCM.DLL V1.14.6.0
 
<h2>Project:</h2>
C:\Users\user\Desktop\KiThuatViXuLy\Bai4\LED_MATRIX\KeilC\Project\LED_8.uvprojx
Project File Date:  11/03/2020

<h2>Output:</h2>
*** Using Compiler 'V5.06 update 1 (build 61)', folder: 'C:\Keil_v5\ARM\ARMCC\Bin'
Build target 'Target 1'
compiling main.c...
..\USER\main.c(64): warning:  #167-D: argument of type "unsigned int *" is incompatible with parameter of type "int *"
  		RunChuCai(chuT);
..\USER\main.c(66): warning:  #167-D: argument of type "unsigned int *" is incompatible with parameter of type "int *"
  		RunChuCai(chuD);
..\USER\main.c(68): warning:  #167-D: argument of type "unsigned int *" is incompatible with parameter of type "int *"
  		RunChuCai(chuH);
..\USER\main.c(70): warning:  #167-D: argument of type "unsigned int *" is incompatible with parameter of type "int *"
  		RunChuCai(chuH);
..\USER\main.c(72): warning:  #167-D: argument of type "unsigned int *" is incompatible with parameter of type "int *"
  		RunChuCai(chuD);
..\USER\main.c(74): warning:  #167-D: argument of type "unsigned int *" is incompatible with parameter of type "int *"
  		RunChuCai(chuT);
..\USER\main.c(79): warning:  #111-D: statement is unreachable
  	return 0;
..\USER\main.c(155): warning:  #1-D: last line of file ends without a newline
  }
..\USER\main.c: 8 warnings, 0 errors
linking...
Program Size: Code=1868 RO-data=268 RW-data=792 ZI-data=1632  
FromELF: creating hex file...
".\Objects\GPIO.axf" - 0 Error(s), 8 Warning(s).

<h2>Software Packages used:</h2>

Package Vendor: ARM
                http://www.keil.com/pack/ARM.CMSIS.4.5.0.pack
                ARM::CMSIS:CORE:4.3.0
                CMSIS (Cortex Microcontroller Software Interface Standard)
   * Component: CORE Version: 4.3.0

Package Vendor: Keil
                http://www.keil.com/pack/Keil.STM32F1xx_DFP.2.3.0.pack
                Keil::Device:Startup:1.0.0
                STMicroelectronics STM32F1 Series Device Support, Drivers and Examples
   * Component: Startup Version: 1.0.0

<h2>Collection of Component include folders:</h2>
  C:\Users\user\Desktop\KiThuatViXuLy\Bai4\LED_MATRIX\KeilC\Project\RTE
  C:\Users\user\Desktop\KiThuatViXuLy\Bai4\LED_MATRIX\KeilC\Project\RTE\Device\STM32F103C8
  C:\Keil_v5\ARM\PACK\ARM\CMSIS\4.5.0\CMSIS\Include
  C:\Keil_v5\ARM\PACK\Keil\STM32F1xx_DFP\2.3.0\Device\Include

<h2>Collection of Component Files used:</h2>

   * Component: ARM::CMSIS:CORE:4.3.0

   * Component: Keil::Device:Startup:1.0.0
      Source file:   Device\Source\system_stm32f10x.c
      Source file:   Device\Source\ARM\startup_stm32f10x_md.s
      Source file:   Device\Source\ARM\STM32F1xx_OPT.s
      Include file:  RTE_Driver\Config\RTE_Device.h
Build Time Elapsed:  00:00:05
</pre>
</body>
</html>
